
> aquatech-crm@0.1.0 build
> next build

node.exe : ÔÜá Warning: 
Next.js inferred your 
workspace root, but it may 
not be correct.
En línea: 1 Carácter: 1
+ & "C:\Program 
Files\nodejs/node.exe" "C:\
Users\Smart\AppData\Roaming
\ ...
+ ~~~~~~~~~~~~~~~~~~~~~~~~~
~~~~~~~~~~~~~~~~~~~~~~~~~~~
~~~~~~~~~~~~~~~~~
    + CategoryInfo         
     : NotSpecified: (ÔÜá  
   Warning: Ne...not be    
 correct.:String) [], R    
emoteException
    + FullyQualifiedErrorI 
   d : NativeCommandError
 
 We detected multiple 
lockfiles and selected the 
directory of D:\Abel 
paginas\package-lock.json 
as the root directory.
 To silence this warning, 
set `turbopack.root` in 
your Next.js config, or 
consider removing one of 
the lockfiles if it's not 
needed.
   See https://nextjs.org/d
ocs/app/api-reference/confi
g/next-config-js/turbopack#
root-directory for more 
information.
 Detected additional 
lockfiles: 
   * D:\Abel 
paginas\Aquatech\Crm 
Aquatech\package-lock.json

Ôû▓ Next.js 16.2.1 (Turbopack)
- Environments: .env

  Creating an optimized production build ...

> Build error occurred
Error: Turbopack build 
failed with 2 errors:
./Aquatech/Crm Aquatech/src
/app/admin/reportes/Reporte
sClient.tsx:4:1
Export toEcuadorISODate 
doesn't exist in target 
module
  [90m2 |[0m
  [90m3 |[0m 
[36mimport[0m { 
useState, useEffect } 
[36mfrom[0m 
[32m'react'[0m
[31m[1m>[0m [90m4 
|[0m [36mimport[0m { 
getLocalNow, 
formatToEcuador, 
toEcuadorISODate } 
[36mfrom[0m 
[32m'@/lib/date-utils'[0m
  [90m  |[0m [31m[1m^^^
^^^^^^^^^^^^^^^^^^^^^^^^^^^
^^^^^^^^^^^^^^^^^^^^^^^^^^^
^^^^^^^^^^^^^^^^^^^^^^^^[0
m
  [90m5 |[0m
  [90m6 |[0m 
[36mexport[0m 
[36mdefault[0m 
[36mfunction[0m 
[33mReportesClient[0m({ 
initialProjects }: { 
initialProjects: any[] }) {
  [90m7 |[0m   
[36mconst[0m [projectId, 
setProjectId] = useState<st
ring>([32m'ALL'[0m)

The export 
toEcuadorISODate was not 
found in module 
[project]/Aquatech/Crm Aqua
tech/src/lib/date-utils.ts 
[app-client] (ecmascript).
Did you mean to import 
formatDateEcuador?
All exports of the module 
are statically known (It 
doesn't have dynamic 
exports). So it's known 
statically that the 
requested export doesn't 
exist.

Import trace:
  Server Component:
    ./Aquatech/Crm Aquatech
/src/app/admin/reportes/Rep
ortesClient.tsx
    ./Aquatech/Crm Aquatech
/src/app/admin/reportes/pag
e.tsx


./Aquatech/Crm Aquatech/src
/app/admin/reportes/Reporte
sClient.tsx:4:1
Export toEcuadorISODate 
doesn't exist in target 
module
  [90m2 |[0m
  [90m3 |[0m 
[36mimport[0m { 
useState, useEffect } 
[36mfrom[0m 
[32m'react'[0m
[31m[1m>[0m [90m4 
|[0m [36mimport[0m { 
getLocalNow, 
formatToEcuador, 
toEcuadorISODate } 
[36mfrom[0m 
[32m'@/lib/date-utils'[0m
  [90m  |[0m [31m[1m^^^
^^^^^^^^^^^^^^^^^^^^^^^^^^^
^^^^^^^^^^^^^^^^^^^^^^^^^^^
^^^^^^^^^^^^^^^^^^^^^^^^[0
m
  [90m5 |[0m
  [90m6 |[0m 
[36mexport[0m 
[36mdefault[0m 
[36mfunction[0m 
[33mReportesClient[0m({ 
initialProjects }: { 
initialProjects: any[] }) {
  [90m7 |[0m   
[36mconst[0m [projectId, 
setProjectId] = useState<st
ring>([32m'ALL'[0m)

The export 
toEcuadorISODate was not 
found in module 
[project]/Aquatech/Crm Aqua
tech/src/lib/date-utils.ts 
[app-ssr] (ecmascript).
Did you mean to import 
formatDateEcuador?
All exports of the module 
are statically known (It 
doesn't have dynamic 
exports). So it's known 
statically that the 
requested export doesn't 
exist.

Import trace:
  Server Component:
    ./Aquatech/Crm Aquatech
/src/app/admin/reportes/Rep
ortesClient.tsx
    ./Aquatech/Crm Aquatech
/src/app/admin/reportes/pag
e.tsx


    at <unknown> 
(./Aquatech/Crm Aquatech/sr
c/app/admin/reportes/Report
esClient.tsx:4:1)
    at <unknown> 
(./Aquatech/Crm Aquatech/sr
c/app/admin/reportes/Report
esClient.tsx:4:1)
